// Jest Snapshot v1, https://goo.gl/fbAQLP

exports[`PaymentCardForm Component Renders Payment Card Form Component Elements should render the component 1`] = `
<PaymentCardForm
  cancel={[MockFunction]}
  cardType=""
  countries={Array []}
  dictionary={
    Object {
      "payment.add.prepay": "test",
    }
  }
  disableSelectDefaults={Object {}}
  domain=""
  errors={Object {}}
  handleBlur={[MockFunction]}
  handleCardNumberBlur={[MockFunction]}
  handleChange={[MockFunction]}
  handleSubmit={[MockFunction]}
  paymentCards={Object {}}
  postCode=""
  setFieldError={[MockFunction]}
  setFieldTouched={[MockFunction]}
  setFieldValue={[MockFunction]}
  showExpiryDateError={false}
  touched={Object {}}
  values={Object {}}
>
  <form
    data-test="payment-card-form"
    name="payment-card-form"
    onSubmit={[MockFunction]}
  >
    <Input
      id="cardHolderName"
      mb="mb2"
      name="cardHolderName"
      onBlur={[MockFunction]}
      onChange={[MockFunction]}
      sessioncamhide={true}
      type="text"
    >
      <div
        className="wb-form-item mb2"
      >
        <div
          className="wb-form-item__field wb-form-item__field__full"
        >
          <input
            className="sessioncamhidetext wb-dark"
            id="cardHolderName"
            name="cardHolderName"
            onBlur={[MockFunction]}
            onChange={[MockFunction]}
            type="text"
          />
        </div>
      </div>
    </Input>
    <CardNumberInput
      card={Object {}}
      name="cardNumber"
      onBlur={[Function]}
      onChange={[MockFunction]}
      sessioncamhide={true}
      type="tel"
    >
      <div
        className="wb-form-item mb2"
      >
        <div
          className="wb-form-item__field wb-form-item__field__full"
        >
          <input
            className="sessioncamhidetext"
            name="cardNumber"
            onBlur={[Function]}
            onChange={[MockFunction]}
            type="tel"
          />
        </div>
      </div>
    </CardNumberInput>
    <Typography
      className="pi-color-greyscale-darkest mb0 mt2 wb-push-half--bottom"
      component="p"
      size="s"
      weight="bold"
    >
      <BaseStyle
        className="font-size--s wb-strong pi-color-greyscale-darkest mb0 mt2 wb-push-half--bottom"
        component="p"
      >
        <p
          className="font-size--s wb-strong pi-color-greyscale-darkest mb0 mt2 wb-push-half--bottom"
        />
      </BaseStyle>
    </Typography>
    <BaseStyle
      className="clearfix wb-push-middle--bottom"
      component="div"
    >
      <div
        className="clearfix wb-push-middle--bottom"
      >
        <BaseStyle
          className="clearfix"
          component="div"
        >
          <div
            className="clearfix"
          >
            <Select
              halfWidth={true}
              hideIcon={true}
              hideMessage={true}
              id="expiryMonth"
              name="expiryMonth"
              onBlur={[MockFunction]}
              onChange={[MockFunction]}
              placeholder=""
              sessioncamhide={true}
            >
              <div
                className="wb-form-item col mr2"
              >
                <div
                  className="wb-form-item__field wb-form-item__field__half"
                >
                  <select
                    className="sessioncamhidetext"
                    id="expiryMonth"
                    name="expiryMonth"
                    onBlur={[MockFunction]}
                    onChange={[MockFunction]}
                  >
                    <option
                      defaultValue={true}
                      key="month"
                      value=""
                    />
                    <option
                      key="01"
                      value={1}
                    >
                      01
                    </option>
                    <option
                      key="02"
                      value={2}
                    >
                      02
                    </option>
                    <option
                      key="03"
                      value={3}
                    >
                      03
                    </option>
                    <option
                      key="04"
                      value={4}
                    >
                      04
                    </option>
                    <option
                      key="05"
                      value={5}
                    >
                      05
                    </option>
                    <option
                      key="06"
                      value={6}
                    >
                      06
                    </option>
                    <option
                      key="07"
                      value={7}
                    >
                      07
                    </option>
                    <option
                      key="08"
                      value={8}
                    >
                      08
                    </option>
                    <option
                      key="09"
                      value={9}
                    >
                      09
                    </option>
                    <option
                      key="10"
                      value={10}
                    >
                      10
                    </option>
                    <option
                      key="11"
                      value={11}
                    >
                      11
                    </option>
                    <option
                      key="12"
                      value={12}
                    >
                      12
                    </option>
                  </select>
                  <div
                    className="wb-icon_arrow-down"
                  />
                </div>
              </div>
            </Select>
            <Select
              halfWidth={true}
              hideIcon={false}
              hideMessage={true}
              id="expiryYear"
              name="expiryYear"
              onBlur={[MockFunction]}
              onChange={[MockFunction]}
              placeholder=""
              sessioncamhide={true}
            >
              <div
                className="wb-form-item col mr2"
              >
                <div
                  className="wb-form-item__field wb-form-item__field__half"
                >
                  <select
                    className="sessioncamhidetext"
                    id="expiryYear"
                    name="expiryYear"
                    onBlur={[MockFunction]}
                    onChange={[MockFunction]}
                  >
                    <option
                      key="year"
                      value=""
                    />
                    <option
                      key="2019"
                      value={2019}
                    >
                      2019
                    </option>
                    <option
                      key="2020"
                      value={2020}
                    >
                      2020
                    </option>
                    <option
                      key="2021"
                      value={2021}
                    >
                      2021
                    </option>
                    <option
                      key="2022"
                      value={2022}
                    >
                      2022
                    </option>
                    <option
                      key="2023"
                      value={2023}
                    >
                      2023
                    </option>
                    <option
                      key="2024"
                      value={2024}
                    >
                      2024
                    </option>
                    <option
                      key="2025"
                      value={2025}
                    >
                      2025
                    </option>
                    <option
                      key="2026"
                      value={2026}
                    >
                      2026
                    </option>
                    <option
                      key="2027"
                      value={2027}
                    >
                      2027
                    </option>
                    <option
                      key="2028"
                      value={2028}
                    >
                      2028
                    </option>
                  </select>
                  <div
                    className="wb-icon_arrow-down"
                  />
                </div>
              </div>
            </Select>
          </div>
        </BaseStyle>
      </div>
    </BaseStyle>
    <RadioGroup>
      <div
        className="wb-form-item fixed-size mb3 wb-form-item--clean max-fit"
      >
        <ul
          className="wb-radio__group"
        >
          <RadioItem
            field={
              Object {
                "name": "usePersonalAddress",
                "onBlur": [MockFunction],
                "onChange": [MockFunction],
                "value": undefined,
              }
            }
            id="usePersonalAddress"
            name="usePersonalAddress"
            sessioncamhide={true}
            subLabels={
              Array [
                "",
              ]
            }
            value="true"
          >
            <li
              className="wb-radio__inner"
            >
              <label
                className="wb-radio__label"
                htmlFor="usePersonalAddress"
              >
                <input
                  checked={false}
                  className="sessioncamhidetext"
                  id="usePersonalAddress"
                  name="usePersonalAddress"
                  onBlur={[MockFunction]}
                  onChange={[MockFunction]}
                  type="radio"
                  value="true"
                />
                <span
                  className="wb-radio__label__inner"
                >
                  <span
                    className="wb-radio__label__inner__title"
                  />
                  <span
                    className="wb-radio__label__inner-info"
                    key=""
                  />
                </span>
              </label>
            </li>
          </RadioItem>
          <RadioItem
            field={
              Object {
                "name": "usePersonalAddress",
                "onBlur": [MockFunction],
                "onChange": [MockFunction],
                "value": undefined,
              }
            }
            id="useBillingAddress"
            name="usePersonalAddress"
            sessioncamhide={true}
            subLabels={Array []}
            value="false"
          >
            <li
              className="wb-radio__inner"
            >
              <label
                className="wb-radio__label"
                htmlFor="useBillingAddress"
              >
                <input
                  checked={false}
                  className="sessioncamhidetext"
                  id="useBillingAddress"
                  name="usePersonalAddress"
                  onBlur={[MockFunction]}
                  onChange={[MockFunction]}
                  type="radio"
                  value="false"
                />
                <span
                  className="wb-radio__label__inner"
                >
                  <span
                    className="wb-radio__label__inner__title"
                  />
                </span>
              </label>
            </li>
          </RadioItem>
        </ul>
      </div>
    </RadioGroup>
    <Checkbox
      field={
        Object {
          "name": "prePayment",
          "onBlur": [MockFunction],
          "onChange": [MockFunction],
          "value": undefined,
        }
      }
      id="prePayment"
      label="test"
      name="prePayment"
      sessioncamhide={true}
    >
      <div
        className="wb-form-item wb-checkbox wb-checkbox__white wb-form-item--clean mb3"
      >
        <input
          className="sessioncamhidetext"
          id="prePayment"
          name="prePayment"
          onBlur={[MockFunction]}
          onChange={[MockFunction]}
          type="checkbox"
        />
        <label
          htmlFor="prePayment"
        >
          test
        </label>
      </div>
    </Checkbox>
    <Button
      className="wb-push--bottom"
      color="primary"
      fullWidth={false}
      href={null}
      id="save-card"
      onClick={[Function]}
      submit={false}
      type="submit"
      variant="button"
    >
      <button
        className="wb-btn wb-btn--primary wb-btn--small wb-push--bottom"
        onClick={[Function]}
        type="submit"
      />
    </Button>
    <Button
      className="wb-text-btn--underline block wb-push--bottom"
      color="default"
      data-test="closeForm"
      fullWidth={false}
      href={null}
      onClick={[MockFunction]}
      submit={false}
      variant="text"
    >
      <button
        className="wb-text-btn wb-text-btn--default wb-text-btn--underline block wb-push--bottom"
        onClick={[MockFunction]}
        type="button"
      />
    </Button>
  </form>
</PaymentCardForm>
`;
