// Jest Snapshot v1, https://goo.gl/fbAQLP

exports[`RoomRequirements Component Renders RoomRequirements Component Elements should render the component 1`] = `
<BaseStyle
  className="component-container"
  component="div"
>
  <Typography
    className="pi-color-greyscale-darkest"
    component="h4"
  >
    Room Requirements
  </Typography>
  <Typography
    component="p"
    mb="3"
  >
    You can save your room requirements here so they are pre-selected in your future bookings (these only apply when you are making bookings for yourself)
  </Typography>
  <Button
    color="quaternary"
    data-test="edit-roomrequirements"
    fullWidth={false}
    href={null}
    onClick={[Function]}
    submit={false}
    variant="button"
  >
    Edit room requirements
  </Button>
</BaseStyle>
`;
