// Jest Snapshot v1, https://goo.gl/fbAQLP

exports[`ComponentToggler Component Renders ComponentToggler Element should match snapshot 1`] = `
<view
  app={Object {}}
/>
`;
