// Jest Snapshot v1, https://goo.gl/fbAQLP

exports[`Icon component should render as expected 1`] = `
<i
  className="wb-icon_foo pr1"
/>
`;
