// Jest Snapshot v1, https://goo.gl/fbAQLP

exports[`ExtrasPreferences Component Renders ExtrasPreferences Component Elements should render the component 1`] = `
<BaseStyle
  className="component-container"
  component="div"
>
  <Typography
    className="pi-color-greyscale-darkest"
    component="h4"
  >
    Extras Preferences
  </Typography>
  <Typography
    component="p"
    mb="3"
  />
  <Button
    color="quaternary"
    data-test="edit-extras-preferences"
    fullWidth={false}
    href={null}
    onClick={[Function]}
    submit={false}
    variant="button"
  >
    Edit extras preferences
  </Button>
</BaseStyle>
`;
