// Jest Snapshot v1, https://goo.gl/fbAQLP

exports[`RegularGuestsFormContainer Component Renders Regular Guests Form Container Component Elements should render the component 1`] = `
<ContextProvider
  value={
    Object {
      "dirty": false,
      "errors": Object {},
      "handleBlur": [Function],
      "handleChange": [Function],
      "handleReset": [Function],
      "handleSubmit": [Function],
      "initialValues": Object {
        "dialingCountryCode": "GB",
        "email": "",
        "firstName": "",
        "lastName": "",
        "mobile": "",
        "nationality": "GB",
        "passportNumber": "",
        "title": "",
      },
      "isSubmitting": false,
      "isValid": false,
      "isValidating": false,
      "registerField": [Function],
      "resetForm": [Function],
      "setError": [Function],
      "setErrors": [Function],
      "setFieldError": [Function],
      "setFieldTouched": [Function],
      "setFieldValue": [Function],
      "setFormikState": [Function],
      "setStatus": [Function],
      "setSubmitting": [Function],
      "setTouched": [Function],
      "setValues": [Function],
      "status": undefined,
      "submitCount": 0,
      "submitForm": [Function],
      "touched": Object {},
      "unregisterField": [Function],
      "validate": [Function],
      "validateField": [Function],
      "validateForm": [Function],
      "validateOnBlur": true,
      "validateOnChange": true,
      "validationSchema": undefined,
      "values": Object {
        "dialingCountryCode": "GB",
        "email": "",
        "firstName": "",
        "lastName": "",
        "mobile": "",
        "nationality": "GB",
        "passportNumber": "",
        "title": "",
      },
    }
  }
>
  <RegularGuestsForm
    countries={
      Array [
        Object {
          "countryCode": "GB",
          "countryCodeISO": "GB",
          "countryLegend": "United Kingdom (the)",
          "dialingCode": "+44",
          "flagImg": "/content/dam/global/flags/United-Kingdom.png",
          "passportRequired": false,
        },
        Object {
          "countryCode": "D",
          "countryCodeISO": "DE",
          "countryLegend": "Germany",
          "dialingCode": "+49",
          "flagImg": "/content/dam/global/flags/Germany.png",
          "passportRequired": true,
        },
        Object {
          "countryCode": "GR",
          "countryCodeISO": "GR",
          "countryLegend": "Greece",
          "dialingCode": "+30",
          "flagImg": "/content/dam/global/flags/Greece.png",
          "passportRequired": true,
        },
        Object {
          "countryCode": "TEST",
          "countryCodeISO": "TEST",
          "countryLegend": "Test",
          "dialingCode": "+499",
          "flagImg": "test.png",
          "passportRequired": true,
        },
      ]
    }
    dictionary={
      Object {
        "guests.button.add": "Add regular guest",
        "guests.form.title.add": "Add regular guest",
        "guests.form.title.edit": "Edit regular guest",
        "guests.notification": "Make sure you have permission to save this guestâ€™s details.",
      }
    }
    dirty={false}
    disableSelectDefaults={
      Object {
        "title": false,
      }
    }
    errors={Object {}}
    handleBlur={[Function]}
    handleChange={[Function]}
    handleReset={[Function]}
    handleSubmit={[Function]}
    initialValues={
      Object {
        "dialingCountryCode": "GB",
        "email": "",
        "firstName": "",
        "lastName": "",
        "mobile": "",
        "nationality": "GB",
        "passportNumber": "",
        "title": "",
      }
    }
    isPassportRequired={[Function]}
    isSubmitting={false}
    isValid={false}
    isValidating={false}
    passportRequired={false}
    registerField={[Function]}
    resetForm={[Function]}
    setEditView={[MockFunction]}
    setError={[Function]}
    setErrors={[Function]}
    setFieldError={[Function]}
    setFieldTouched={[Function]}
    setFieldValue={[Function]}
    setFormikState={[Function]}
    setStatus={[Function]}
    setSubmitting={[Function]}
    setTouched={[Function]}
    setValues={[Function]}
    submitCount={0}
    submitForm={[Function]}
    touched={Object {}}
    unregisterField={[Function]}
    validateField={[Function]}
    validateForm={[Function]}
    validateOnBlur={true}
    validateOnChange={true}
    values={
      Object {
        "dialingCountryCode": "GB",
        "email": "",
        "firstName": "",
        "lastName": "",
        "mobile": "",
        "nationality": "GB",
        "passportNumber": "",
        "title": "",
      }
    }
  />
</ContextProvider>
`;
